- generic [active] [ref=e1]:
  - navigation [ref=e2]:
    - generic [ref=e3]:
      - link "Nagios Bulk Editor" [ref=e4] [cursor=pointer]:
        - /url: /explorer
      - generic [ref=e5]:
        - list [ref=e6]:
          - listitem [ref=e7]:
            - link "Object Explorer" [ref=e8] [cursor=pointer]:
              - /url: /explorer
          - listitem [ref=e9]:
            - link "Graph View" [ref=e10] [cursor=pointer]:
              - /url: /dependencies
          - listitem [ref=e11]:
            - link "Logs" [ref=e12] [cursor=pointer]:
              - /url: /logs
          - listitem [ref=e13]:
            - link "Docs" [ref=e14] [cursor=pointer]:
              - /url: /docs
          - listitem [ref=e15]:
            - link "Backups" [ref=e16] [cursor=pointer]:
              - /url: /backups
          - listitem [ref=e17]:
            - link "Git" [ref=e18] [cursor=pointer]:
              - /url: /git
        - list [ref=e19]:
          - listitem [ref=e20]:
            - button " Undo Ctrl+Z" [disabled] [ref=e21]:
              - generic [ref=e22]: 
              - generic [ref=e23]: Undo
              - generic [ref=e24]: Ctrl+Z
          - listitem [ref=e25]:
            - button "Commit" [disabled] [ref=e26]:
              - generic [ref=e2915]: Commit
          - listitem [ref=e28]:
            - link "Settings" [ref=e29] [cursor=pointer]:
              - /url: /settings
          - listitem [ref=e30]:
            - button "" [ref=e31] [cursor=pointer]:
              - generic [ref=e32]: 
          - listitem [ref=e33]:
            - button "Reload" [ref=e34] [cursor=pointer]
  - text: 
  - generic [ref=e35]:
    - application "Nagios Object Explorer" [ref=e36]:
      - region "Objects panel" [ref=e37]:
        - generic [ref=e39]: Objects
        - tablist "View mode" [ref=e41]:
          - tab " By File" [selected] [ref=e42] [cursor=pointer]:
            - generic [ref=e43]: 
            - text: By File
          - tab " By Type" [ref=e44] [cursor=pointer]:
            - generic [ref=e45]: 
            - text: By Type
        - toolbar "Object filters" [ref=e46]:
          - generic [ref=e47]:
            - generic:
              - generic: 
            - searchbox "Search objects" [ref=e48]
          - group "Filter options" [ref=e49]:
            - generic [ref=e50]: "Show:"
            - generic "Show only objects not referenced by any other object (orphaned definitions)" [ref=e51] [cursor=pointer]:
              - checkbox "Orphans" [ref=e52]
              - generic [ref=e53]: Orphans
            - generic "Show only objects with configuration errors or missing required fields" [ref=e54] [cursor=pointer]:
              - checkbox "Issues" [ref=e55]
              - generic [ref=e56]: Issues
            - button "Select" [ref=e58] [cursor=pointer]:
              - generic [ref=e59]: 
              - text: Select
              - generic [ref=e60]: 
        - tree "Object tree" [ref=e61]:
          - generic [ref=e85]:
            - generic [ref=e86] [cursor=pointer]:
              - generic [ref=e88]: 
              - generic [ref=e89]: commands.cfg
              - button "+" [ref=e90]
              - generic [ref=e91]: "35"
            - text:                                   
          - generic [ref=e92]:
            - generic [ref=e93] [cursor=pointer]:
              - generic [ref=e95]: 
              - generic [ref=e96]: contacts.cfg
              - button "+" [ref=e97]
              - generic [ref=e98]: "20"
            - text:            
          - generic [ref=e99]:
            - generic [ref=e100] [cursor=pointer]:
              - generic [ref=e102]: 
              - generic [ref=e103]: dependencies.cfg
              - button "+" [ref=e104]
              - generic [ref=e105]: "12"
            - generic [ref=e106]:
              - generic [ref=e107] [cursor=pointer]:
                - generic "Drag to move to another file" [ref=e108]:
                  - img [ref=e109]
                - generic "Command 'check_vpn_tunnels' uses $USER1$ which is not defined in resource.cfg":
                  - generic: 
                - generic "check_vpn_tunnels"
                - generic "command": CMD
              - generic [ref=e116] [cursor=pointer]:
                - generic "Drag to move to another file" [ref=e117]:
                  - img [ref=e118]
                - generic "[critical-infrastructure] (esc 2+)"
                - generic "hostescalation": HOSTESC
              - generic [ref=e125] [cursor=pointer]:
                - generic "Drag to move to another file" [ref=e126]:
                  - img [ref=e127]
                - generic "MySQL on database-servers → MySQL Slave Status"
                - generic "servicedependency": SVCDEP
              - generic [ref=e134] [cursor=pointer]:
                - generic "Drag to move to another file" [ref=e135]:
                  - img [ref=e136]
                - generic "Duplicate hostdependency definition (also in hosts.cfg)":
                  - generic: 
                - generic "db-prod-master"
                - generic "hostdependency": HOSTDEP
              - generic [ref=e143] [cursor=pointer]:
                - generic "Drag to move to another file" [ref=e144]:
                  - img [ref=e145]
                - generic "Command 'check_http_health' uses $USER1$ which is not defined in resource.cfg":
                  - generic: 
                - generic "check_http_health"
                - generic "command": CMD
              - generic [ref=e152] [cursor=pointer]:
                - generic "Drag to move to another file" [ref=e153]:
                  - img [ref=e154]
                - generic "Apache Status on web-servers → HTTP"
                - generic "servicedependency": SVCDEP
              - generic [ref=e161] [cursor=pointer]:
                - generic "Drag to move to another file" [ref=e162]:
                  - img [ref=e163]
                - generic "HTTP on web-prod-01,web-prod-02,web-prod-03 → Application Health Check"
                - generic "servicedependency": SVCDEP
              - generic [ref=e170] [cursor=pointer]:
                - generic "Drag to move to another file" [ref=e171]:
                  - img [ref=e172]
                - generic "HTTPS on web-servers → HTTPS Certificate"
                - generic "servicedependency": SVCDEP
              - generic [ref=e179] [cursor=pointer]:
                - generic "Drag to move to another file" [ref=e180]:
                  - img [ref=e181]
                - generic "MySQL on database-servers (esc 6+)"
                - generic "serviceescalation": SVCESC
              - generic [ref=e188] [cursor=pointer]:
                - generic "Drag to move to another file" [ref=e189]:
                  - img [ref=e190]
                - generic "MySQL on database-servers (esc 3-5)"
                - generic "serviceescalation": SVCESC
              - generic [ref=e197] [cursor=pointer]:
                - generic "Drag to move to another file" [ref=e198]:
                  - img [ref=e199]
                - generic "HTTP on web-servers (esc 2-4)"
                - generic "serviceescalation": SVCESC
              - generic [ref=e206] [cursor=pointer]:
                - generic "Drag to move to another file" [ref=e207]:
                  - img [ref=e208]
                - generic "[production] (esc 3-5)"
                - generic "hostescalation": HOSTESC
          - generic [ref=e215]:
            - generic [ref=e216] [cursor=pointer]:
              - generic [ref=e218]: 
              - generic [ref=e219]: hostgroups.cfg
              - button "+" [ref=e220]
              - generic [ref=e221]: "22"
            - text:      
          - generic [ref=e222]:
            - generic [ref=e223] [cursor=pointer]:
              - generic [ref=e225]: 
              - generic [ref=e226]: hosts.cfg
              - button "+" [ref=e227]
              - generic [ref=e228]: "31"
            - generic [ref=e229]:
              - generic [ref=e230] [cursor=pointer]:
                - generic "Drag to move to another file" [ref=e231]:
                  - img [ref=e232]
                - generic "All 6 contact(s) have broken notification chains":
                  - generic: 
                - generic "web-prod-01"
                - generic "host": HOST
              - generic [ref=e239] [cursor=pointer]:
                - generic "Drag to move to another file" [ref=e240]:
                  - img [ref=e241]
                - generic "All 6 contact(s) have broken notification chains":
                  - generic: 
                - generic "web-prod-02"
                - generic "host": HOST
              - generic [ref=e248] [cursor=pointer]:
                - generic "Drag to move to another file" [ref=e249]:
                  - img [ref=e250]
                - generic "All 6 contact(s) have broken notification chains":
                  - generic: 
                - generic "web-prod-03"
                - generic "host": HOST
              - generic [ref=e257] [cursor=pointer]:
                - generic "Drag to move to another file" [ref=e258]:
                  - img [ref=e259]
                - generic "All 6 contact(s) have broken notification chains":
                  - generic: 
                - generic "web-dev-01"
                - generic "host": HOST
              - generic [ref=e266] [cursor=pointer]:
                - generic "Drag to move to another file" [ref=e267]:
                  - img [ref=e268]
                - generic "All 8 contact(s) have broken notification chains":
                  - generic: 
                - generic "db-prod-master"
                - generic "host": HOST
              - generic [ref=e275] [cursor=pointer]:
                - generic "Drag to move to another file" [ref=e276]:
                  - img [ref=e277]
                - generic "All 8 contact(s) have broken notification chains":
                  - generic: 
                - generic "db-prod-slave-01"
                - generic "host": HOST
              - generic [ref=e284] [cursor=pointer]:
                - generic "Drag to move to another file" [ref=e285]:
                  - img [ref=e286]
                - generic "All 8 contact(s) have broken notification chains":
                  - generic: 
                - generic "db-prod-slave-02"
                - generic "host": HOST
              - generic [ref=e293] [cursor=pointer]:
                - generic "Drag to move to another file" [ref=e294]:
                  - img [ref=e295]
                - generic "All 6 contact(s) have broken notification chains":
                  - generic: 
                - generic "db-staging-01"
                - generic "host": HOST
              - generic [ref=e302] [cursor=pointer]:
                - generic "Drag to move to another file" [ref=e303]:
                  - img [ref=e304]
                - generic "All 6 contact(s) have broken notification chains":
                  - generic: 
                - generic "app-prod-01"
                - generic "host": HOST
              - generic [ref=e311] [cursor=pointer]:
                - generic "Drag to move to another file" [ref=e312]:
                  - img [ref=e313]
                - generic "All 6 contact(s) have broken notification chains":
                  - generic: 
                - generic "app-prod-02"
                - generic "host": HOST
              - generic [ref=e320] [cursor=pointer]:
                - generic "Drag to move to another file" [ref=e321]:
                  - img [ref=e322]
                - generic "All 6 contact(s) have broken notification chains":
                  - generic: 
                - generic "app-prod-03"
                - generic "host": HOST
              - generic [ref=e329] [cursor=pointer]:
                - generic "Drag to move to another file" [ref=e330]:
                  - img [ref=e331]
                - generic "All 6 contact(s) have broken notification chains":
                  - generic: 
                - generic "app-prod-04"
                - generic "host": HOST
              - generic [ref=e338] [cursor=pointer]:
                - generic "Drag to move to another file" [ref=e339]:
                  - img [ref=e340]
                - generic "All 6 contact(s) have broken notification chains":
                  - generic: 
                - generic "api-prod-01"
                - generic "host": HOST
              - generic [ref=e347] [cursor=pointer]:
                - generic "Drag to move to another file" [ref=e348]:
                  - img [ref=e349]
                - generic "All 6 contact(s) have broken notification chains":
                  - generic: 
                - generic "api-prod-02"
                - generic "host": HOST
              - generic [ref=e356] [cursor=pointer]:
                - generic "Drag to move to another file" [ref=e357]:
                  - img [ref=e358]
                - generic "All 6 contact(s) have broken notification chains":
                  - generic: 
                - generic "redis-prod-01"
                - generic "host": HOST
              - generic [ref=e365] [cursor=pointer]:
                - generic "Drag to move to another file" [ref=e366]:
                  - img [ref=e367]
                - generic "All 6 contact(s) have broken notification chains":
                  - generic: 
                - generic "redis-prod-02"
                - generic "host": HOST
              - generic [ref=e374] [cursor=pointer]:
                - generic "Drag to move to another file" [ref=e375]:
                  - img [ref=e376]
                - generic "All 6 contact(s) have broken notification chains":
                  - generic: 
                - generic "memcached-prod-01"
                - generic "host": HOST
              - generic [ref=e383] [cursor=pointer]:
                - generic "Drag to move to another file" [ref=e384]:
                  - img [ref=e385]
                - generic "All 6 contact(s) have broken notification chains":
                  - generic: 
                - generic "core-switch-02"
                - generic "host": HOST
              - generic [ref=e392] [cursor=pointer]:
                - generic "Drag to move to another file" [ref=e393]:
                  - img [ref=e394]
                - generic "All 6 contact(s) have broken notification chains":
                  - generic: 
                - generic "router-main"
                - generic "host": HOST
              - generic [ref=e401] [cursor=pointer]:
                - generic "Drag to move to another file" [ref=e402]:
                  - img [ref=e403]
                - generic "All 6 contact(s) have broken notification chains":
                  - generic: 
                - generic "vpn-gateway"
                - generic "host": HOST
              - generic [ref=e410] [cursor=pointer]:
                - generic "Drag to move to another file" [ref=e411]:
                  - img [ref=e412]
                - generic "All 6 contact(s) have broken notification chains":
                  - generic: 
                - generic "old-server-decommissioned"
                - generic "host": HOST
              - generic [ref=e419] [cursor=pointer]:
                - generic "Drag to move to another file" [ref=e420]:
                  - img [ref=e421]
                - generic "All 6 contact(s) have broken notification chains":
                  - generic: 
                - generic "special-web-01"
                - generic "host": HOST
              - generic [ref=e428] [cursor=pointer]:
                - generic "Drag to move to another file" [ref=e429]:
                  - img [ref=e430]
                - generic "All 8 contact(s) have broken notification chains":
                  - generic: 
                - generic "special-db-01"
                - generic "host": HOST
              - generic [ref=e437] [cursor=pointer]:
                - generic "Drag to move to another file" [ref=e438]:
                  - img [ref=e439]
                - generic "All 6 contact(s) have broken notification chains":
                  - generic: 
                - generic "hybrid-server-01"
                - generic "host": HOST
              - generic [ref=e446] [cursor=pointer]:
                - generic "Drag to move to another file" [ref=e447]:
                  - img [ref=e448]
                - generic "All 6 contact(s) have broken notification chains":
                  - generic: 
                - generic "test-additive-host"
                - generic "host": HOST
              - generic [ref=e455] [cursor=pointer]:
                - generic "Drag to move to another file" [ref=e456]:
                  - img [ref=e457]
                - generic "All 6 contact(s) have broken notification chains":
                  - generic: 
                - generic "web-staging-01"
                - generic "host": HOST
              - generic [ref=e464] [cursor=pointer]:
                - generic "Drag to move to another file" [ref=e465]:
                  - img [ref=e466]
                - generic "All 6 contact(s) have broken notification chains":
                  - generic: 
                - generic "firewall-02"
                - generic "host": HOST
              - generic [ref=e473] [cursor=pointer]:
                - generic "Drag to move to another file" [ref=e474]:
                  - img [ref=e475]
                - generic "Duplicate hostgroup definition (also in hostgroups.cfg)":
                  - generic: 
                - generic "production"
                - generic "hostgroup": HOSTGRP
              - generic [ref=e482] [cursor=pointer]:
                - generic "Drag to move to another file" [ref=e483]:
                  - img [ref=e484]
                - generic "redis-prod-01"
                - generic "hostdependency": HOSTDEP
              - generic [ref=e491] [cursor=pointer]:
                - generic "Drag to move to another file" [ref=e492]:
                  - img [ref=e493]
                - generic "Duplicate hostdependency definition (also in hosts.cfg)":
                  - generic: 
                - generic "db-prod-master"
                - generic "hostdependency": HOSTDEP
              - generic [ref=e500] [cursor=pointer]:
                - generic "Drag to move to another file" [ref=e501]:
                  - img [ref=e502]
                - generic "Host has no contacts or contact_groups (after template and implied inheritance)":
                  - generic: 
                - generic "grafana-01"
                - generic "host": HOST
          - generic [ref=e509]:
            - generic [ref=e510] [cursor=pointer]:
              - generic [ref=e512]: 
              - generic [ref=e513]: servicegroups.cfg
              - button "+" [ref=e514]
              - generic [ref=e515]: "9"
            - text:       
          - generic [ref=e516]:
            - generic [ref=e517] [cursor=pointer]:
              - generic [ref=e519]: 
              - generic [ref=e520]: services.cfg
              - button "+" [ref=e521]
              - generic [ref=e522]: "50"
            - generic [ref=e523]:
              - generic [ref=e524] [cursor=pointer]:
                - generic "Drag to move to another file" [ref=e525]:
                  - img [ref=e526]
                - generic "PING on linux-hosts"
                - generic "service": SVC
              - generic [ref=e533] [cursor=pointer]:
                - generic "Drag to move to another file" [ref=e534]:
                  - img [ref=e535]
                - generic "SSH on linux-hosts"
                - generic "service": SVC
              - generic [ref=e542] [cursor=pointer]:
                - generic "Drag to move to another file" [ref=e543]:
                  - img [ref=e544]
                - generic "Disk Usage - Root on linux-hosts"
                - generic "service": SVC
              - generic [ref=e551] [cursor=pointer]:
                - generic "Drag to move to another file" [ref=e552]:
                  - img [ref=e553]
                - generic "CPU Load on linux-hosts"
                - generic "service": SVC
              - generic [ref=e560] [cursor=pointer]:
                - generic "Drag to move to another file" [ref=e561]:
                  - img [ref=e562]
                - generic "Memory Usage on linux-hosts"
                - generic "service": SVC
              - generic [ref=e569] [cursor=pointer]:
                - generic "Drag to move to another file" [ref=e570]:
                  - img [ref=e571]
                - generic "Total Processes on linux-hosts"
                - generic "service": SVC
              - generic [ref=e578] [cursor=pointer]:
                - generic "Drag to move to another file" [ref=e579]:
                  - img [ref=e580]
                - generic "Zombie Processes on linux-hosts"
                - generic "service": SVC
              - generic [ref=e587] [cursor=pointer]:
                - generic "Drag to move to another file" [ref=e588]:
                  - img [ref=e589]
                - generic "Swap Usage on linux-hosts"
                - generic "service": SVC
              - generic [ref=e596] [cursor=pointer]:
                - generic "Drag to move to another file" [ref=e597]:
                  - img [ref=e598]
                - generic "HTTP on web-servers"
                - generic "service": SVC
              - generic [ref=e605] [cursor=pointer]:
                - generic "Drag to move to another file" [ref=e606]:
                  - img [ref=e607]
                - generic "HTTPS on web-servers"
                - generic "service": SVC
              - generic [ref=e614] [cursor=pointer]:
                - generic "Drag to move to another file" [ref=e615]:
                  - img [ref=e616]
                - generic "HTTPS Certificate on web-servers"
                - generic "service": SVC
              - generic [ref=e623] [cursor=pointer]:
                - generic "Drag to move to another file" [ref=e624]:
                  - img [ref=e625]
                - generic "Apache Status on web-servers"
                - generic "service": SVC
              - generic [ref=e632] [cursor=pointer]:
                - generic "Drag to move to another file" [ref=e633]:
                  - img [ref=e634]
                - generic "HTTP Response Time on web-servers"
                - generic "service": SVC
              - generic [ref=e641] [cursor=pointer]:
                - generic "Drag to move to another file" [ref=e642]:
                  - img [ref=e643]
                - generic "MySQL on database-servers"
                - generic "service": SVC
              - generic [ref=e650] [cursor=pointer]:
                - generic "Drag to move to another file" [ref=e651]:
                  - img [ref=e652]
                - generic "MySQL Connections on database-servers"
                - generic "service": SVC
              - generic [ref=e659] [cursor=pointer]:
                - generic "Drag to move to another file" [ref=e660]:
                  - img [ref=e661]
                - generic "MySQL Slave Status on database-servers"
                - generic "service": SVC
              - generic [ref=e668] [cursor=pointer]:
                - generic "Drag to move to another file" [ref=e669]:
                  - img [ref=e670]
                - generic "MySQL Query Time on database-servers"
                - generic "service": SVC
              - generic [ref=e677] [cursor=pointer]:
                - generic "Drag to move to another file" [ref=e678]:
                  - img [ref=e679]
                - generic "Disk Usage - Data on database-servers"
                - generic "service": SVC
              - generic [ref=e686] [cursor=pointer]:
                - generic "Drag to move to another file" [ref=e687]:
                  - img [ref=e688]
                - generic "Consider using a hostgroup (9 hosts)":
                  - generic: 
                - generic "Application Health Check on web-prod-01,web-prod-02,web-prod-03,app-prod-01,app-prod-02,app-prod-03,app-prod-04,api-prod-01,api-prod-02"
                - generic "service": SVC
              - generic [ref=e695] [cursor=pointer]:
                - generic "Drag to move to another file" [ref=e696]:
                  - img [ref=e697]
                - generic "Consider using a hostgroup (5 hosts)":
                  - generic: 
                - generic "Replication Lag on db-prod-master,db-prod-slave-01,db-prod-slave-02,redis-prod-01,redis-prod-02"
                - generic "service": SVC
              - generic [ref=e704] [cursor=pointer]:
                - generic "Drag to move to another file" [ref=e705]:
                  - img [ref=e706]
                - generic "Redis on cache-servers"
                - generic "service": SVC
              - generic [ref=e713] [cursor=pointer]:
                - generic "Drag to move to another file" [ref=e714]:
                  - img [ref=e715]
                - generic "Redis Memory on cache-servers"
                - generic "service": SVC
              - generic [ref=e722] [cursor=pointer]:
                - generic "Drag to move to another file" [ref=e723]:
                  - img [ref=e724]
                - generic "Memcached on memcached-prod-01"
                - generic "service": SVC
              - generic [ref=e731] [cursor=pointer]:
                - generic "Drag to move to another file" [ref=e732]:
                  - img [ref=e733]
                - generic "PING on windows-hosts"
                - generic "service": SVC
              - generic [ref=e740] [cursor=pointer]:
                - generic "Drag to move to another file" [ref=e741]:
                  - img [ref=e742]
                - generic "CPU Load on windows-hosts"
                - generic "service": SVC
              - generic [ref=e749] [cursor=pointer]:
                - generic "Drag to move to another file" [ref=e750]:
                  - img [ref=e751]
                - generic "Memory Usage on windows-hosts"
                - generic "service": SVC
              - generic [ref=e758] [cursor=pointer]:
                - generic "Drag to move to another file" [ref=e759]:
                  - img [ref=e760]
                - 'generic "Disk C: on windows-hosts"'
                - generic "service": SVC
              - generic [ref=e767] [cursor=pointer]:
                - generic "Drag to move to another file" [ref=e768]:
                  - img [ref=e769]
                - generic "AD Replication on domain-controllers"
                - generic "service": SVC
              - generic [ref=e776] [cursor=pointer]:
                - generic "Drag to move to another file" [ref=e777]:
                  - img [ref=e778]
                - generic "DNS on domain-controllers"
                - generic "service": SVC
              - generic [ref=e785] [cursor=pointer]:
                - generic "Drag to move to another file" [ref=e786]:
                  - img [ref=e787]
                - generic "Exchange Services on win-exchange-01"
                - generic "service": SVC
              - generic [ref=e794] [cursor=pointer]:
                - generic "Drag to move to another file" [ref=e795]:
                  - img [ref=e796]
                - generic "Exchange Mail Queue on win-exchange-01"
                - generic "service": SVC
              - generic [ref=e803] [cursor=pointer]:
                - generic "Drag to move to another file" [ref=e804]:
                  - img [ref=e805]
                - generic "PING on network-devices"
                - generic "service": SVC
              - generic [ref=e812] [cursor=pointer]:
                - generic "Drag to move to another file" [ref=e813]:
                  - img [ref=e814]
                - generic "SNMP Uptime on network-devices"
                - generic "service": SVC
              - generic [ref=e821] [cursor=pointer]:
                - generic "Drag to move to another file" [ref=e822]:
                  - img [ref=e823]
                - generic "Port Status on switches"
                - generic "service": SVC
              - generic [ref=e830] [cursor=pointer]:
                - generic "Drag to move to another file" [ref=e831]:
                  - img [ref=e832]
                - generic "Bandwidth Utilization on switches"
                - generic "service": SVC
              - generic [ref=e839] [cursor=pointer]:
                - generic "Drag to move to another file" [ref=e840]:
                  - img [ref=e841]
                - generic "BGP Sessions on routers"
                - generic "service": SVC
              - generic [ref=e848] [cursor=pointer]:
                - generic "Drag to move to another file" [ref=e849]:
                  - img [ref=e850]
                - generic "Connection Table on firewalls"
                - generic "service": SVC
              - generic [ref=e857] [cursor=pointer]:
                - generic "Drag to move to another file" [ref=e858]:
                  - img [ref=e859]
                - generic "VPN Tunnels on firewalls"
                - generic "service": SVC
              - generic [ref=e866] [cursor=pointer]:
                - generic "Drag to move to another file" [ref=e867]:
                  - img [ref=e868]
                - generic "Nagios Process on nagios-01"
                - generic "service": SVC
              - generic [ref=e875] [cursor=pointer]:
                - generic "Drag to move to another file" [ref=e876]:
                  - img [ref=e877]
                - generic "Nagios Latency on nagios-01"
                - generic "service": SVC
              - generic [ref=e884] [cursor=pointer]:
                - generic "Drag to move to another file" [ref=e885]:
                  - img [ref=e886]
                - generic "Grafana HTTP on grafana-01"
                - generic "service": SVC
              - generic [ref=e893] [cursor=pointer]:
                - generic "Drag to move to another file" [ref=e894]:
                  - img [ref=e895]
                - generic "Elasticsearch on log-server-01"
                - generic "service": SVC
              - generic [ref=e902] [cursor=pointer]:
                - generic "Drag to move to another file" [ref=e903]:
                  - img [ref=e904]
                - generic "Service has no check_command (directly or through template inheritance)":
                  - generic: 
                - generic "Elasticsearch Cluster Health on log-server-01"
                - generic "service": SVC
              - generic [ref=e911] [cursor=pointer]:
                - generic "Drag to move to another file" [ref=e912]:
                  - img [ref=e913]
                - generic "Orphan Service on nonexistent-server"
                - generic "service": SVC
              - generic [ref=e920] [cursor=pointer]:
                - generic "Drag to move to another file" [ref=e921]:
                  - img [ref=e922]
                - generic "Standard Backup Check on production"
                - generic "service": SVC
              - generic [ref=e929] [cursor=pointer]:
                - generic "Drag to move to another file" [ref=e930]:
                  - img [ref=e931]
                - generic "Production SSL Cert on web-servers"
                - generic "service": SVC
              - generic [ref=e938] [cursor=pointer]:
                - generic "Drag to move to another file" [ref=e939]:
                  - img [ref=e940]
                - generic "Security Updates on linux-hosts"
                - generic "service": SVC
              - generic [ref=e947] [cursor=pointer]:
                - generic "Drag to move to another file" [ref=e948]:
                  - img [ref=e949]
                - generic "Redis Cluster Status on cache-servers"
                - generic "service": SVC
              - generic [ref=e956] [cursor=pointer]:
                - generic "Drag to move to another file" [ref=e957]:
                  - img [ref=e958]
                - generic "App Pool Health on app-servers"
                - generic "service": SVC
              - generic [ref=e965] [cursor=pointer]:
                - generic "Drag to move to another file" [ref=e966]:
                  - img [ref=e967]
                - generic "Replication Monitor on +database-servers,+cache-servers"
                - generic "service": SVC
          - generic [ref=e974]:
            - generic [ref=e975] [cursor=pointer]:
              - generic [ref=e977]: 
              - generic [ref=e978]: templates.cfg
              - button "+" [ref=e979]
              - generic [ref=e980]: "9"
            - generic [ref=e981]:
              - generic [ref=e982] [cursor=pointer]:
                - generic "Drag to move to another file" [ref=e983]:
                  - img [ref=e984]
                - generic "generic-host"
                - generic "host": HOSTTMPL
              - generic [ref=e991] [cursor=pointer]:
                - generic "Drag to move to another file" [ref=e992]:
                  - img [ref=e993]
                - generic "network-device"
                - generic "host": HOSTTMPL
              - generic [ref=e1000] [cursor=pointer]:
                - generic "Drag to move to another file" [ref=e1001]:
                  - img [ref=e1002]
                - generic "linux-server"
                - generic "host": HOSTTMPL
              - generic [ref=e1009] [cursor=pointer]:
                - generic "Drag to move to another file" [ref=e1010]:
                  - img [ref=e1011]
                - generic "Template is not used by any host":
                  - generic: 
                - generic "windows-server"
                - generic "host": HOSTTMPL
              - generic [ref=e1018] [cursor=pointer]:
                - generic "Drag to move to another file" [ref=e1019]:
                  - img [ref=e1020]
                - generic "critical-server"
                - generic "host": HOSTTMPL
              - generic [ref=e1027] [cursor=pointer]:
                - generic "Drag to move to another file" [ref=e1028]:
                  - img [ref=e1029]
                - generic "generic-service"
                - generic "service": SVCTMPL
              - generic [ref=e1036] [cursor=pointer]:
                - generic "Drag to move to another file" [ref=e1037]:
                  - img [ref=e1038]
                - generic "local-service"
                - generic "service": SVCTMPL
              - generic [ref=e1045] [cursor=pointer]:
                - generic "Drag to move to another file" [ref=e1046]:
                  - img [ref=e1047]
                - generic "Template is not used by any service":
                  - generic: 
                - generic "passive-service"
                - generic "service": SVCTMPL
              - generic [ref=e1054] [cursor=pointer]:
                - generic "Drag to move to another file" [ref=e1055]:
                  - img [ref=e1056]
                - generic "critical-service"
                - generic "service": SVCTMPL
          - generic [ref=e1063]:
            - generic [ref=e1064] [cursor=pointer]:
              - generic [ref=e1066]: 
              - generic [ref=e1067]: timeperiods.cfg
              - button "+" [ref=e1068]
              - generic [ref=e1069]: "10"
            - text:         
      - generic [ref=e62]:
        - generic [ref=e1070]:
          - button "Scroll tabs left" [ref=e1071] [cursor=pointer]:
            - generic [ref=e1072]: 
          - generic [ref=e1073]:
            - generic "web-prod-01" [ref=e1074] [cursor=pointer]:
              - generic [ref=e1076]: 
              - generic [ref=e1077]: web-prod-01
              - button "×" [ref=e1078]
            - generic "web-prod-02" [ref=e1079] [cursor=pointer]:
              - generic [ref=e1081]: 
              - generic [ref=e1082]: web-prod-02
              - button "×" [ref=e1083]
            - generic "MySQL on database-servers (esc 6+)" [ref=e1084] [cursor=pointer]:
              - generic [ref=e1086]: 
              - generic [ref=e1087]: MySQL on database-servers (esc 6+)
              - button "×" [ref=e1088]
            - generic "MySQL on database-servers" [ref=e1089] [cursor=pointer]:
              - generic [ref=e1091]: 
              - generic [ref=e1092]: MySQL on database-servers
              - button "×" [ref=e1093]
            - generic "MySQL on database-servers → MySQL Slave Status" [ref=e1094] [cursor=pointer]:
              - generic [ref=e1096]: 
              - generic [ref=e1097]: MySQL on database-servers → MySQL Slave Status
              - button "×" [ref=e1098]
            - generic "[critical-infrastructure] (esc 2+)" [ref=e1099] [cursor=pointer]:
              - generic [ref=e1101]: 
              - generic [ref=e1102]: "[critical-infrastructure] (esc 2+)"
              - button "×" [ref=e1103]
            - generic "db-prod-master" [ref=e1104] [cursor=pointer]:
              - generic [ref=e1106]: 
              - generic [ref=e1107]: db-prod-master
              - button "×" [ref=e1108]
            - generic "HTTP on web-prod-01,web-prod-02,web-prod-03 → Application Health Check" [ref=e1109] [cursor=pointer]:
              - generic [ref=e1111]: 
              - generic [ref=e1112]: HTTP on web-prod-01,web-prod-02,web-prod-03 → Application Health Check
              - button "×" [ref=e1113]
            - generic "Redis on cache-servers" [ref=e1114] [cursor=pointer]:
              - generic [ref=e1116]: 
              - generic [ref=e1117]: Redis on cache-servers
              - button "×" [ref=e1118]
            - generic "HTTP on web-servers" [ref=e1119] [cursor=pointer]:
              - generic [ref=e1121]: 
              - generic [ref=e1122]: HTTP on web-servers
              - button "×" [ref=e1123]
            - generic "HTTP on web-servers (esc 2-4)" [ref=e1124] [cursor=pointer]:
              - generic [ref=e1126]: 
              - generic [ref=e1127]: HTTP on web-servers (esc 2-4)
              - button "×" [ref=e1128]
            - generic "PING on linux-hosts" [ref=e1129] [cursor=pointer]:
              - generic [ref=e1131]: 
              - generic [ref=e1132]: PING on linux-hosts
              - button "×" [ref=e1133]
          - button "Scroll tabs right" [ref=e1134] [cursor=pointer]:
            - generic [ref=e1135]: 
        - text: 
        - generic [ref=e1136]:
          - generic [ref=e1137]:
            - generic [ref=e1139]:
              - generic "/Users/ohm/Desktop/claude/nagios-bulk-editor/.worktrees/e2e-playwright/sample-config/services.cfg" [ref=e1140]: services.cfg
              - generic [ref=e1142]: 
              - generic [ref=e1143]: PING
              - generic [ref=e1144]: service
            - button "Graph" [ref=e1146] [cursor=pointer]:
              - img [ref=e1147]
              - text: Graph
          - generic [ref=e1153]:
            - generic [ref=e1154]:
              - generic [ref=e1155]:
                - generic [ref=e1156]:
                  - generic [ref=e1157]: check_command
                  - textbox "Arrow keys to navigate suggestions, Enter to select, Escape to close" [ref=e1158]:
                    - /placeholder: Type for suggestions...
                    - text: check_ping!100.0,20%!500.0,60%
                  - button "" [ref=e1159] [cursor=pointer]:
                    - generic [ref=e1160]: 
                  - button "×" [ref=e1161] [cursor=pointer]
                - generic [ref=e1162]:
                  - generic [ref=e1163]: hostgroup_name
                  - textbox [ref=e1164]: linux-hosts
                  - button "" [ref=e1165] [cursor=pointer]:
                    - generic [ref=e1166]: 
                  - button "×" [ref=e1167] [cursor=pointer]
                - generic [ref=e1168]:
                  - generic [ref=e1169]: service_description
                  - textbox [ref=e1170]: PING
                  - button "" [ref=e1171] [cursor=pointer]:
                    - generic [ref=e1172]: 
                  - button "×" [ref=e1173] [cursor=pointer]
                - generic [ref=e1174]:
                  - generic [ref=e1175]: use
                  - textbox "Arrow keys to navigate suggestions, Enter to select, Escape to close" [ref=e1176]:
                    - /placeholder: Type for suggestions...
                    - text: local-service
                  - button "" [ref=e1177] [cursor=pointer]:
                    - generic [ref=e1178]: 
                  - button "×" [ref=e1179] [cursor=pointer]
              - button "+ Add attribute" [ref=e1180] [cursor=pointer]
            - generic [ref=e1181]:
              - generic "Click to expand - shows object relationships and impact analysis" [ref=e1182] [cursor=pointer]:
                - generic [ref=e1183]: Impact & Relationships
                - generic [ref=e1185]: 
              - text:        
      - region "Workspace panel" [ref=e63]:
        - generic [ref=e65]: Workspace
        - tablist "Workspace tabs" [ref=e67]:
          - tab " Files" [selected] [ref=e68] [cursor=pointer]:
            - generic [ref=e69]: 
            - text: Files
          - tab " Suggestions suggestions count" [ref=e1186] [cursor=pointer]:
            - generic [ref=e71]: 
            - text: Suggestions
            - generic "suggestions count" [ref=e1187]: "127"
          - tab " Validation" [ref=e72] [cursor=pointer]:
            - generic [ref=e73]: 
            - text: Validation
        - tabpanel [ref=e1188]:
          - toolbar "Workspace actions" [ref=e75]:
            - generic [ref=e76]:
              - generic [ref=e78]: sample-config
              - generic [ref=e79]: 198 objects
            - generic [ref=e80]:
              - button "Create new file" [ref=e81] [cursor=pointer]:
                - img [ref=e1191]
              - button "Create new folder" [ref=e82] [cursor=pointer]:
                - img [ref=e1195]
          - generic [ref=e83]:
            - generic [ref=e1197] [cursor=pointer]:
              - button [ref=e1198]:
                - img [ref=e1199]
              - img [ref=e1202]
              - generic [ref=e1204]: sample-config
              - generic [ref=e1205]: "198"
            - generic [ref=e1206]:
              - generic [ref=e1207] [cursor=pointer]:
                - button [ref=e1208]:
                  - img [ref=e1209]
                - img [ref=e1212]
                - generic [ref=e1215]: commands.cfg
                - generic [ref=e1216]: "35"
                - button "Delete file" [ref=e1218]:
                  - img [ref=e1219]
              - generic [ref=e1221] [cursor=pointer]:
                - button [ref=e1222]:
                  - img [ref=e1223]
                - img [ref=e1226]
                - generic [ref=e1229]: contacts.cfg
                - generic [ref=e1230]: "20"
                - button "Delete file" [ref=e1232]:
                  - img [ref=e1233]
              - generic [ref=e1235]:
                - generic [ref=e1237]:
                  - img [ref=e1239]
                  - generic [ref=e1246]: CONT
                  - generic "admin" [ref=e1247]
                - generic [ref=e1249]:
                  - img [ref=e1251]
                  - generic [ref=e1258]: CONT
                  - generic "jsmith" [ref=e1259]
                - generic [ref=e1261]:
                  - img [ref=e1263]
                  - generic [ref=e1270]: CONT
                  - generic "bwilliams" [ref=e1271]
                - generic [ref=e1273]:
                  - img [ref=e1275]
                  - generic [ref=e1282]: CONT
                  - generic "sdavis" [ref=e1283]
                - generic [ref=e1285]:
                  - img [ref=e1287]
                  - generic [ref=e1294]: CONT
                  - generic "tmiller" [ref=e1295]
                - generic [ref=e1297]:
                  - img [ref=e1299]
                  - generic [ref=e1306]: CONT
                  - generic "agarcia" [ref=e1307]
                - generic [ref=e1309]:
                  - img [ref=e1311]
                  - generic [ref=e1318]: CONT
                  - generic "clee" [ref=e1319]
                - generic [ref=e1321]:
                  - img [ref=e1323]
                  - generic [ref=e1330]: CONT
                  - generic "manager1" [ref=e1331]
                - generic [ref=e1333]:
                  - img [ref=e1335]
                  - generic [ref=e1342]: CONT
                  - generic "director1" [ref=e1343]
                - generic [ref=e1345]:
                  - img [ref=e1347]
                  - generic [ref=e1354]: CONT
                  - generic "former-employee" [ref=e1355]
                - generic [ref=e1357]:
                  - img [ref=e1359]
                  - generic [ref=e1366]: CONT
                  - generic "mjohnson" [ref=e1367]
                - generic [ref=e1369]:
                  - img [ref=e1371]
                  - generic [ref=e1378]: CONTGRP
                  - generic "admins" [ref=e1379]
                - generic [ref=e1381]:
                  - img [ref=e1383]
                  - generic [ref=e1390]: CONTGRP
                  - generic "linux-admins" [ref=e1391]
                - generic [ref=e1393]:
                  - img [ref=e1395]
                  - generic [ref=e1402]: CONTGRP
                  - generic "windows-admins" [ref=e1403]
                - generic [ref=e1405]:
                  - img [ref=e1407]
                  - generic [ref=e1414]: CONTGRP
                  - generic "network-admins" [ref=e1415]
                - generic [ref=e1417]:
                  - img [ref=e1419]
                  - generic [ref=e1426]: CONTGRP
                  - generic "database-admins" [ref=e1427]
                - generic [ref=e1429]:
                  - img [ref=e1431]
                  - generic [ref=e1438]: CONTGRP
                  - generic "managers" [ref=e1439]
                - generic [ref=e1441]:
                  - img [ref=e1443]
                  - generic [ref=e1450]: CONTGRP
                  - generic "oncall" [ref=e1451]
                - generic [ref=e1453]:
                  - img [ref=e1455]
                  - generic [ref=e1462]: CONTGRP
                  - generic "all-admins" [ref=e1463]
                - generic [ref=e1465]:
                  - img [ref=e1467]
                  - generic [ref=e1474]: CONTTMPL
                  - generic "generic-contact" [ref=e1475]
              - generic [ref=e1477] [cursor=pointer]:
                - button [ref=e1478]:
                  - img [ref=e1479]
                - img [ref=e1482]
                - generic [ref=e1485]: dependencies.cfg
                - generic [ref=e1486]: "12"
                - button "Delete file" [ref=e1488]:
                  - img [ref=e1489]
              - generic [ref=e1491] [cursor=pointer]:
                - button [ref=e1492]:
                  - img [ref=e1493]
                - img [ref=e1496]
                - generic [ref=e1499]: hostgroups.cfg
                - generic [ref=e1500]: "22"
                - button "Delete file" [ref=e1502]:
                  - img [ref=e1503]
              - generic [ref=e1505] [cursor=pointer]:
                - button [ref=e1506]:
                  - img [ref=e1507]
                - img [ref=e1510]
                - generic [ref=e1513]: hosts.cfg
                - generic [ref=e1514]: "31"
                - button "Delete file" [ref=e1516]:
                  - img [ref=e1517]
              - generic [ref=e1519]:
                - generic [ref=e1521]:
                  - img [ref=e1523]
                  - generic [ref=e1530]: HOST
                  - generic "web-prod-01" [ref=e1531]
                - generic [ref=e1533]:
                  - img [ref=e1535]
                  - generic [ref=e1542]: HOST
                  - generic "web-prod-02" [ref=e1543]
                - generic [ref=e1545]:
                  - img [ref=e1547]
                  - generic [ref=e1554]: HOST
                  - generic "web-prod-03" [ref=e1555]
                - generic [ref=e1557]:
                  - img [ref=e1559]
                  - generic [ref=e1566]: HOST
                  - generic "web-dev-01" [ref=e1567]
                - generic [ref=e1569]:
                  - img [ref=e1571]
                  - generic [ref=e1578]: HOST
                  - generic "db-prod-master" [ref=e1579]
                - generic [ref=e1581]:
                  - img [ref=e1583]
                  - generic [ref=e1590]: HOST
                  - generic "db-prod-slave-01" [ref=e1591]
                - generic [ref=e1593]:
                  - img [ref=e1595]
                  - generic [ref=e1602]: HOST
                  - generic "db-prod-slave-02" [ref=e1603]
                - generic [ref=e1605]:
                  - img [ref=e1607]
                  - generic [ref=e1614]: HOST
                  - generic "db-staging-01" [ref=e1615]
                - generic [ref=e1617]:
                  - img [ref=e1619]
                  - generic [ref=e1626]: HOST
                  - generic "app-prod-01" [ref=e1627]
                - generic [ref=e1629]:
                  - img [ref=e1631]
                  - generic [ref=e1638]: HOST
                  - generic "app-prod-02" [ref=e1639]
                - generic [ref=e1641]:
                  - img [ref=e1643]
                  - generic [ref=e1650]: HOST
                  - generic "app-prod-03" [ref=e1651]
                - generic [ref=e1653]:
                  - img [ref=e1655]
                  - generic [ref=e1662]: HOST
                  - generic "app-prod-04" [ref=e1663]
                - generic [ref=e1665]:
                  - img [ref=e1667]
                  - generic [ref=e1674]: HOST
                  - generic "api-prod-01" [ref=e1675]
                - generic [ref=e1677]:
                  - img [ref=e1679]
                  - generic [ref=e1686]: HOST
                  - generic "api-prod-02" [ref=e1687]
                - generic [ref=e1689]:
                  - img [ref=e1691]
                  - generic [ref=e1698]: HOST
                  - generic "redis-prod-01" [ref=e1699]
                - generic [ref=e1701]:
                  - img [ref=e1703]
                  - generic [ref=e1710]: HOST
                  - generic "redis-prod-02" [ref=e1711]
                - generic [ref=e1713]:
                  - img [ref=e1715]
                  - generic [ref=e1722]: HOST
                  - generic "memcached-prod-01" [ref=e1723]
                - generic [ref=e1725]:
                  - img [ref=e1727]
                  - generic [ref=e1734]: HOST
                  - generic "core-switch-02" [ref=e1735]
                - generic [ref=e1737]:
                  - img [ref=e1739]
                  - generic [ref=e1746]: HOST
                  - generic "router-main" [ref=e1747]
                - generic [ref=e1749]:
                  - img [ref=e1751]
                  - generic [ref=e1758]: HOST
                  - generic "vpn-gateway" [ref=e1759]
                - generic [ref=e1761]:
                  - img [ref=e1763]
                  - generic [ref=e1770]: HOST
                  - generic "old-server-decommissioned" [ref=e1771]
                - generic [ref=e1773]:
                  - img [ref=e1775]
                  - generic [ref=e1782]: HOST
                  - generic "special-web-01" [ref=e1783]
                - generic [ref=e1785]:
                  - img [ref=e1787]
                  - generic [ref=e1794]: HOST
                  - generic "special-db-01" [ref=e1795]
                - generic [ref=e1797]:
                  - img [ref=e1799]
                  - generic [ref=e1806]: HOST
                  - generic "hybrid-server-01" [ref=e1807]
                - generic [ref=e1809]:
                  - img [ref=e1811]
                  - generic [ref=e1818]: HOST
                  - generic "test-additive-host" [ref=e1819]
                - generic [ref=e1821]:
                  - img [ref=e1823]
                  - generic [ref=e1830]: HOST
                  - generic "web-staging-01" [ref=e1831]
                - generic [ref=e1833]:
                  - img [ref=e1835]
                  - generic [ref=e1842]: HOST
                  - generic "firewall-02" [ref=e1843]
                - generic [ref=e1845]:
                  - img [ref=e1847]
                  - generic [ref=e1854]: HOSTGRP
                  - generic "production" [ref=e1855]
                - generic [ref=e1857]:
                  - img [ref=e1859]
                  - generic [ref=e1866]: HOSTDEP
                  - generic "redis-prod-01" [ref=e1867]
                - generic [ref=e1869]:
                  - img [ref=e1871]
                  - generic [ref=e1878]: HOSTDEP
                  - generic "db-prod-master" [ref=e1879]
                - generic [ref=e1881]:
                  - img [ref=e1883]
                  - generic [ref=e1890]: HOST
                  - generic "grafana-01" [ref=e1891]
              - generic [ref=e1893] [cursor=pointer]:
                - img [ref=e1895]
                - generic [ref=e1898]: nagios.cfg
                - generic [ref=e1899]: "0"
                - button "Delete file" [ref=e1901]:
                  - img [ref=e1902]
              - generic [ref=e1904] [cursor=pointer]:
                - img [ref=e1906]
                - generic [ref=e1909]: resources.cfg
                - generic [ref=e1910]: "0"
                - button "Delete file" [ref=e1912]:
                  - img [ref=e1913]
              - generic [ref=e1915] [cursor=pointer]:
                - button [ref=e1916]:
                  - img [ref=e1917]
                - img [ref=e1920]
                - generic [ref=e1923]: servicegroups.cfg
                - generic [ref=e1924]: "9"
                - button "Delete file" [ref=e1926]:
                  - img [ref=e1927]
              - generic [ref=e1929]:
                - generic [ref=e1931]:
                  - img [ref=e1933]
                  - generic [ref=e1940]: SVCGRP
                  - generic "critical-services" [ref=e1941]
                - generic [ref=e1943]:
                  - img [ref=e1945]
                  - generic [ref=e1952]: SVCGRP
                  - generic "ping-services" [ref=e1953]
                - generic [ref=e1955]:
                  - img [ref=e1957]
                  - generic [ref=e1964]: SVCGRP
                  - generic "disk-services" [ref=e1965]
                - generic [ref=e1967]:
                  - img [ref=e1969]
                  - generic [ref=e1976]: SVCGRP
                  - generic "http-services" [ref=e1977]
                - generic [ref=e1979]:
                  - img [ref=e1981]
                  - generic [ref=e1988]: SVCGRP
                  - generic "database-services" [ref=e1989]
                - generic [ref=e1991]:
                  - img [ref=e1993]
                  - generic [ref=e2000]: SVCGRP
                  - generic "performance-services" [ref=e2001]
                - generic [ref=e2003]:
                  - img [ref=e2005]
                  - generic [ref=e2012]: SVCGRP
                  - generic "security-services" [ref=e2013]
                - generic [ref=e2015]:
                  - img [ref=e2017]
                  - generic [ref=e2024]: SVCGRP
                  - generic "certificate-services" [ref=e2025]
                - generic [ref=e2027]:
                  - img [ref=e2029]
                  - generic [ref=e2036]: SVCGRP
                  - generic "legacy-services" [ref=e2037]
              - generic [ref=e2039] [cursor=pointer]:
                - button [ref=e2040]:
                  - img [ref=e2041]
                - img [ref=e2044]
                - generic [ref=e2047]: services.cfg
                - generic [ref=e2048]: "50"
                - button "Delete file" [ref=e2050]:
                  - img [ref=e2051]
              - generic [ref=e2053]:
                - generic [ref=e2055]:
                  - img [ref=e2057]
                  - generic [ref=e2064]: SVC
                  - generic "PING on linux-hosts" [ref=e2065]
                - generic [ref=e2067]:
                  - img [ref=e2069]
                  - generic [ref=e2076]: SVC
                  - generic "SSH on linux-hosts" [ref=e2077]
                - generic [ref=e2079]:
                  - img [ref=e2081]
                  - generic [ref=e2088]: SVC
                  - generic "Disk Usage - Root on linux-hosts" [ref=e2089]
                - generic [ref=e2091]:
                  - img [ref=e2093]
                  - generic [ref=e2100]: SVC
                  - generic "CPU Load on linux-hosts" [ref=e2101]
                - generic [ref=e2103]:
                  - img [ref=e2105]
                  - generic [ref=e2112]: SVC
                  - generic "Memory Usage on linux-hosts" [ref=e2113]
                - generic [ref=e2115]:
                  - img [ref=e2117]
                  - generic [ref=e2124]: SVC
                  - generic "Total Processes on linux-hosts" [ref=e2125]
                - generic [ref=e2127]:
                  - img [ref=e2129]
                  - generic [ref=e2136]: SVC
                  - generic "Zombie Processes on linux-hosts" [ref=e2137]
                - generic [ref=e2139]:
                  - img [ref=e2141]
                  - generic [ref=e2148]: SVC
                  - generic "Swap Usage on linux-hosts" [ref=e2149]
                - generic [ref=e2151]:
                  - img [ref=e2153]
                  - generic [ref=e2160]: SVC
                  - generic "HTTP on web-servers" [ref=e2161]
                - generic [ref=e2163]:
                  - img [ref=e2165]
                  - generic [ref=e2172]: SVC
                  - generic "HTTPS on web-servers" [ref=e2173]
                - generic [ref=e2175]:
                  - img [ref=e2177]
                  - generic [ref=e2184]: SVC
                  - generic "HTTPS Certificate on web-servers" [ref=e2185]
                - generic [ref=e2187]:
                  - img [ref=e2189]
                  - generic [ref=e2196]: SVC
                  - generic "Apache Status on web-servers" [ref=e2197]
                - generic [ref=e2199]:
                  - img [ref=e2201]
                  - generic [ref=e2208]: SVC
                  - generic "HTTP Response Time on web-servers" [ref=e2209]
                - generic [ref=e2211]:
                  - img [ref=e2213]
                  - generic [ref=e2220]: SVC
                  - generic "MySQL on database-servers" [ref=e2221]
                - generic [ref=e2223]:
                  - img [ref=e2225]
                  - generic [ref=e2232]: SVC
                  - generic "MySQL Connections on database-servers" [ref=e2233]
                - generic [ref=e2235]:
                  - img [ref=e2237]
                  - generic [ref=e2244]: SVC
                  - generic "MySQL Slave Status on database-servers" [ref=e2245]
                - generic [ref=e2247]:
                  - img [ref=e2249]
                  - generic [ref=e2256]: SVC
                  - generic "MySQL Query Time on database-servers" [ref=e2257]
                - generic [ref=e2259]:
                  - img [ref=e2261]
                  - generic [ref=e2268]: SVC
                  - generic "Disk Usage - Data on database-servers" [ref=e2269]
                - generic [ref=e2271]:
                  - img [ref=e2273]
                  - generic [ref=e2280]: SVC
                  - generic "Application Health Check on web-prod-01,web-prod-02,web-prod-03,app-prod-01,app-prod-02,app-prod-03,app-prod-04,api-prod-01,api-prod-02" [ref=e2281]
                - generic [ref=e2283]:
                  - img [ref=e2285]
                  - generic [ref=e2292]: SVC
                  - generic "Replication Lag on db-prod-master,db-prod-slave-01,db-prod-slave-02,redis-prod-01,redis-prod-02" [ref=e2293]
                - generic [ref=e2295]:
                  - img [ref=e2297]
                  - generic [ref=e2304]: SVC
                  - generic "Redis on cache-servers" [ref=e2305]
                - generic [ref=e2307]:
                  - img [ref=e2309]
                  - generic [ref=e2316]: SVC
                  - generic "Redis Memory on cache-servers" [ref=e2317]
                - generic [ref=e2319]:
                  - img [ref=e2321]
                  - generic [ref=e2328]: SVC
                  - generic "Memcached on memcached-prod-01" [ref=e2329]
                - generic [ref=e2331]:
                  - img [ref=e2333]
                  - generic [ref=e2340]: SVC
                  - generic "PING on windows-hosts" [ref=e2341]
                - generic [ref=e2343]:
                  - img [ref=e2345]
                  - generic [ref=e2352]: SVC
                  - generic "CPU Load on windows-hosts" [ref=e2353]
                - generic [ref=e2355]:
                  - img [ref=e2357]
                  - generic [ref=e2364]: SVC
                  - generic "Memory Usage on windows-hosts" [ref=e2365]
                - generic [ref=e2367]:
                  - img [ref=e2369]
                  - generic [ref=e2376]: SVC
                  - 'generic "Disk C: on windows-hosts" [ref=e2377]'
                - generic [ref=e2379]:
                  - img [ref=e2381]
                  - generic [ref=e2388]: SVC
                  - generic "AD Replication on domain-controllers" [ref=e2389]
                - generic [ref=e2391]:
                  - img [ref=e2393]
                  - generic [ref=e2400]: SVC
                  - generic "DNS on domain-controllers" [ref=e2401]
                - generic [ref=e2403]:
                  - img [ref=e2405]
                  - generic [ref=e2412]: SVC
                  - generic "Exchange Services on win-exchange-01" [ref=e2413]
                - generic [ref=e2415]:
                  - img [ref=e2417]
                  - generic [ref=e2424]: SVC
                  - generic "Exchange Mail Queue on win-exchange-01" [ref=e2425]
                - generic [ref=e2427]:
                  - img [ref=e2429]
                  - generic [ref=e2436]: SVC
                  - generic "PING on network-devices" [ref=e2437]
                - generic [ref=e2439]:
                  - img [ref=e2441]
                  - generic [ref=e2448]: SVC
                  - generic "SNMP Uptime on network-devices" [ref=e2449]
                - generic [ref=e2451]:
                  - img [ref=e2453]
                  - generic [ref=e2460]: SVC
                  - generic "Port Status on switches" [ref=e2461]
                - generic [ref=e2463]:
                  - img [ref=e2465]
                  - generic [ref=e2472]: SVC
                  - generic "Bandwidth Utilization on switches" [ref=e2473]
                - generic [ref=e2475]:
                  - img [ref=e2477]
                  - generic [ref=e2484]: SVC
                  - generic "BGP Sessions on routers" [ref=e2485]
                - generic [ref=e2487]:
                  - img [ref=e2489]
                  - generic [ref=e2496]: SVC
                  - generic "Connection Table on firewalls" [ref=e2497]
                - generic [ref=e2499]:
                  - img [ref=e2501]
                  - generic [ref=e2508]: SVC
                  - generic "VPN Tunnels on firewalls" [ref=e2509]
                - generic [ref=e2511]:
                  - img [ref=e2513]
                  - generic [ref=e2520]: SVC
                  - generic "Nagios Process on nagios-01" [ref=e2521]
                - generic [ref=e2523]:
                  - img [ref=e2525]
                  - generic [ref=e2532]: SVC
                  - generic "Nagios Latency on nagios-01" [ref=e2533]
                - generic [ref=e2535]:
                  - img [ref=e2537]
                  - generic [ref=e2544]: SVC
                  - generic "Grafana HTTP on grafana-01" [ref=e2545]
                - generic [ref=e2547]:
                  - img [ref=e2549]
                  - generic [ref=e2556]: SVC
                  - generic "Elasticsearch on log-server-01" [ref=e2557]
                - generic [ref=e2559]:
                  - img [ref=e2561]
                  - generic [ref=e2568]: SVC
                  - generic "Elasticsearch Cluster Health on log-server-01" [ref=e2569]
                - generic [ref=e2571]:
                  - img [ref=e2573]
                  - generic [ref=e2580]: SVC
                  - generic "Orphan Service on nonexistent-server" [ref=e2581]
                - generic [ref=e2583]:
                  - img [ref=e2585]
                  - generic [ref=e2592]: SVC
                  - generic "Standard Backup Check on production" [ref=e2593]
                - generic [ref=e2595]:
                  - img [ref=e2597]
                  - generic [ref=e2604]: SVC
                  - generic "Production SSL Cert on web-servers" [ref=e2605]
                - generic [ref=e2607]:
                  - img [ref=e2609]
                  - generic [ref=e2616]: SVC
                  - generic "Security Updates on linux-hosts" [ref=e2617]
                - generic [ref=e2619]:
                  - img [ref=e2621]
                  - generic [ref=e2628]: SVC
                  - generic "Redis Cluster Status on cache-servers" [ref=e2629]
                - generic [ref=e2631]:
                  - img [ref=e2633]
                  - generic [ref=e2640]: SVC
                  - generic "App Pool Health on app-servers" [ref=e2641]
                - generic [ref=e2643]:
                  - img [ref=e2645]
                  - generic [ref=e2652]: SVC
                  - generic "Replication Monitor on +database-servers,+cache-servers" [ref=e2653]
              - generic [ref=e2655] [cursor=pointer]:
                - button [ref=e2656]:
                  - img [ref=e2657]
                - img [ref=e2660]
                - generic [ref=e2663]: templates.cfg
                - generic [ref=e2664]: "9"
                - button "Delete file" [ref=e2666]:
                  - img [ref=e2667]
              - generic [ref=e2669]:
                - generic [ref=e2671]:
                  - img [ref=e2673]
                  - generic [ref=e2680]: HOSTTMPL
                  - generic "generic-host" [ref=e2681]
                - generic [ref=e2683]:
                  - img [ref=e2685]
                  - generic [ref=e2692]: HOSTTMPL
                  - generic "network-device" [ref=e2693]
                - generic [ref=e2695]:
                  - img [ref=e2697]
                  - generic [ref=e2704]: HOSTTMPL
                  - generic "linux-server" [ref=e2705]
                - generic [ref=e2707]:
                  - img [ref=e2709]
                  - generic [ref=e2716]: HOSTTMPL
                  - generic "windows-server" [ref=e2717]
                - generic [ref=e2719]:
                  - img [ref=e2721]
                  - generic [ref=e2728]: HOSTTMPL
                  - generic "critical-server" [ref=e2729]
                - generic [ref=e2731]:
                  - img [ref=e2733]
                  - generic [ref=e2740]: SVCTMPL
                  - generic "generic-service" [ref=e2741]
                - generic [ref=e2743]:
                  - img [ref=e2745]
                  - generic [ref=e2752]: SVCTMPL
                  - generic "local-service" [ref=e2753]
                - generic [ref=e2755]:
                  - img [ref=e2757]
                  - generic [ref=e2764]: SVCTMPL
                  - generic "passive-service" [ref=e2765]
                - generic [ref=e2767]:
                  - img [ref=e2769]
                  - generic [ref=e2776]: SVCTMPL
                  - generic "critical-service" [ref=e2777]
              - generic [ref=e2779] [cursor=pointer]:
                - button [ref=e2780]:
                  - img [ref=e2781]
                - img [ref=e2784]
                - generic [ref=e2787]: timeperiods.cfg
                - generic [ref=e2788]: "10"
                - button "Delete file" [ref=e2790]:
                  - img [ref=e2791]
              - generic [ref=e2793]:
                - generic [ref=e2795]:
                  - img [ref=e2797]
                  - generic [ref=e2804]: TP
                  - generic "24x7" [ref=e2805]
                - generic [ref=e2807]:
                  - img [ref=e2809]
                  - generic [ref=e2816]: TP
                  - generic "workhours" [ref=e2817]
                - generic [ref=e2819]:
                  - img [ref=e2821]
                  - generic [ref=e2828]: TP
                  - generic "extended-workhours" [ref=e2829]
                - generic [ref=e2831]:
                  - img [ref=e2833]
                  - generic [ref=e2840]: TP
                  - generic "nonworkhours" [ref=e2841]
                - generic [ref=e2843]:
                  - img [ref=e2845]
                  - generic [ref=e2852]: TP
                  - generic "weekends" [ref=e2853]
                - generic [ref=e2855]:
                  - img [ref=e2857]
                  - generic [ref=e2864]: TP
                  - generic "us-business-hours" [ref=e2865]
                - generic [ref=e2867]:
                  - img [ref=e2869]
                  - generic [ref=e2876]: TP
                  - generic "eu-business-hours" [ref=e2877]
                - generic [ref=e2879]:
                  - img [ref=e2881]
                  - generic [ref=e2888]: TP
                  - generic "maintenance-window" [ref=e2889]
                - generic [ref=e2891]:
                  - img [ref=e2893]
                  - generic [ref=e2900]: TP
                  - generic "never" [ref=e2901]
                - generic [ref=e2903]:
                  - img [ref=e2905]
                  - generic [ref=e2912]: TP
                  - generic "old-schedule" [ref=e2913]
        - text: 
    - text:  
  - text:  